{
  "scripts": {
    "test": "test",
    "test:watch": "test --watch",
    "test:coverage": "echo \"unsupported.\" && exit 1",
    "lint:js": "eslint --ignore-path .gitignore --ext .js,.jsx,.mjs .",
    "lint:js:fix": "npm run lint:js -- --fix",
    "lint:md": "remark . --frail",
    "lint:md:fix": "npm run lint:md -- --output",
    "lint": "npm-run-all --print-label --parallel lint:*",
    "prettier": "prettier --ignore-path .gitignore \"**/*.{css,html,js,json,jsx,md,mjs,scss,yaml,yml}\"",
    "prettier:check": "npm run prettier -- --check",
    "prettier:write": "npm run prettier -- --write",
    "format": "npm-run-all --print-label --parallel lint:*:fix prettier:write",
    "release": "standard-version --sign",
    "release:dry-run": "npm run release -- --dry-run"
  },
  "husky": {
    "hooks": {
      "commit-msg": "commitlint -E HUSKY_GIT_PARAMS",
      "pre-commit": "lint-staged"
    }
  },
  "lint-staged": {
    "linters": {
      "*.{js,jsx,mjs}": ["eslint --fix --no-ignore", "git add"],
      "*.md": ["remark --output", "git add"],
      "*.{html,json,md,yaml,yml}": ["prettier --write", "git add"]
    }
  },
  "standard-version": {
    "scripts": {
      "postchangelog": "prettier --write CHANGELOG.md"
    }
  },
  "commitlint": {
    "extends": ["@commitlint/config-conventional"]
  },
  "eslintConfig": {
    "extends": ["ybiquitous"]
  }
}
